Archive member included to satisfy reference by file (symbol)

D:\RUNTIME\libRuntime.a(DigiPort.o)
                              main.o (_ZN11DigiPortRawC1Ehhh)
D:\RUNTIME\libRuntime.a(LCD.o)
                              Uhr.o (_ZN3LCD7commandEh)
D:\RUNTIME\libRuntime.a(OSKernel.o)
                              D:\RUNTIME\libRuntime.a(DigiPort.o) (_Z5yieldv)
D:\RUNTIME\libRuntime.a(QuadEncoder.o)
                              Uhr.o (_ZN11QuadEncoderC1Eh)
D:\RUNTIME\libRuntime.a(ScrollMenu.o)
                              main.o (_ZN10ScrollMenu6selectEv)
D:\RUNTIME\libRuntime.a(Timer.o)
                              main.o (_ZN7Timer16C1EhPFvvES1_S1_S1_)
D:\RUNTIME\libRuntime.a(Basics.o)
                              D:\RUNTIME\libRuntime.a(DigiPort.o) (_Z22port_handle_to_addressh)
c:/program files (x86)/atmel/studio/7.0/toolchain/avr8/avr8-gnu-toolchain/bin/../lib/gcc/avr/5.4.0/avr6\libgcc.a(_divmodhi4.o)
                              D:\RUNTIME\libRuntime.a(LCD.o) (__divmodhi4)
c:/program files (x86)/atmel/studio/7.0/toolchain/avr8/avr8-gnu-toolchain/bin/../lib/gcc/avr/5.4.0/avr6\libgcc.a(_udivmodsi4.o)
                              D:\RUNTIME\libRuntime.a(OSKernel.o) (__udivmodsi4)
c:/program files (x86)/atmel/studio/7.0/toolchain/avr8/avr8-gnu-toolchain/bin/../lib/gcc/avr/5.4.0/avr6\libgcc.a(_exit.o)
                              C:/Program Files (x86)/Atmel/Studio/7.0/Packs/atmel/ATmega_DFP/1.6.364/gcc/dev/atmega2560/avr6/crtatmega2560.o (exit)
c:/program files (x86)/atmel/studio/7.0/toolchain/avr8/avr8-gnu-toolchain/bin/../lib/gcc/avr/5.4.0/avr6\libgcc.a(_copy_data.o)
                              main.o (__do_copy_data)
c:/program files (x86)/atmel/studio/7.0/toolchain/avr8/avr8-gnu-toolchain/bin/../lib/gcc/avr/5.4.0/avr6\libgcc.a(_clear_bss.o)
                              main.o (__do_clear_bss)
c:/program files (x86)/atmel/studio/7.0/toolchain/avr8/avr8-gnu-toolchain/bin/../lib/gcc/avr/5.4.0/avr6\libgcc.a(_ctors.o)
                              main.o (__do_global_ctors)
c:/program files (x86)/atmel/studio/7.0/toolchain/avr8/avr8-gnu-toolchain/bin/../lib/gcc/avr/5.4.0/avr6\libgcc.a(_dtors.o)
                              main.o (__do_global_dtors)
c:/program files (x86)/atmel/studio/7.0/toolchain/avr8/avr8-gnu-toolchain/bin/../lib/gcc/avr/5.4.0/avr6\libgcc.a(_udivmodhi4.o)
                              c:/program files (x86)/atmel/studio/7.0/toolchain/avr8/avr8-gnu-toolchain/bin/../lib/gcc/avr/5.4.0/avr6\libgcc.a(_divmodhi4.o) (__udivmodhi4)
c:/program files (x86)/atmel/studio/7.0/toolchain/avr8/avr8-gnu-toolchain/bin/../lib/gcc/avr/5.4.0/avr6\libgcc.a(_tablejump2.o)
                              c:/program files (x86)/atmel/studio/7.0/toolchain/avr8/avr8-gnu-toolchain/bin/../lib/gcc/avr/5.4.0/avr6\libgcc.a(_ctors.o) (__tablejump2__)

Discarded input sections

 .data          0x00000000        0x0 C:/Program Files (x86)/Atmel/Studio/7.0/Packs/atmel/ATmega_DFP/1.6.364/gcc/dev/atmega2560/avr6/crtatmega2560.o
 .bss           0x00000000        0x0 C:/Program Files (x86)/Atmel/Studio/7.0/Packs/atmel/ATmega_DFP/1.6.364/gcc/dev/atmega2560/avr6/crtatmega2560.o
 .text          0x00000000        0x0 main.o
 .data          0x00000000        0x0 main.o
 .bss           0x00000000        0x0 main.o
 .text          0x00000000        0x0 Uhr.o
 .data          0x00000000        0x0 Uhr.o
 .bss           0x00000000        0x0 Uhr.o
 .group         0x00000000        0x8 D:\RUNTIME\libRuntime.a(DigiPort.o)
 .group         0x00000000        0x8 D:\RUNTIME\libRuntime.a(DigiPort.o)
 .group         0x00000000        0x8 D:\RUNTIME\libRuntime.a(DigiPort.o)
 .group         0x00000000        0x8 D:\RUNTIME\libRuntime.a(DigiPort.o)
 .group         0x00000000        0x8 D:\RUNTIME\libRuntime.a(DigiPort.o)
 .group         0x00000000        0x8 D:\RUNTIME\libRuntime.a(DigiPort.o)
 .group         0x00000000        0x8 D:\RUNTIME\libRuntime.a(DigiPort.o)
 .group         0x00000000        0x8 D:\RUNTIME\libRuntime.a(DigiPort.o)
 .text          0x00000000        0x0 D:\RUNTIME\libRuntime.a(DigiPort.o)
 .data          0x00000000        0x0 D:\RUNTIME\libRuntime.a(DigiPort.o)
 .bss           0x00000000        0x0 D:\RUNTIME\libRuntime.a(DigiPort.o)
 .text._ZN11DigiPortRaw14read_busy_waitEh
                0x00000000       0x2a D:\RUNTIME\libRuntime.a(DigiPort.o)
 .text          0x00000000        0x0 D:\RUNTIME\libRuntime.a(LCD.o)
 .data          0x00000000        0x0 D:\RUNTIME\libRuntime.a(LCD.o)
 .bss           0x00000000        0x0 D:\RUNTIME\libRuntime.a(LCD.o)
 .text._ZN3LCD4homeEv
                0x00000000       0x2c D:\RUNTIME\libRuntime.a(LCD.o)
 .rodata.str1.1
                0x00000000       0x10 D:\RUNTIME\libRuntime.a(LCD.o)
 .text._ZN3LCD8describeEv
                0x00000000       0x9e D:\RUNTIME\libRuntime.a(LCD.o)
 .text._ZN4LCDSC2Eh10LCD_Type_th
                0x00000000       0x4a D:\RUNTIME\libRuntime.a(LCD.o)
 .text._ZN4LCDS5clearEv
                0x00000000       0x32 D:\RUNTIME\libRuntime.a(LCD.o)
 .text._ZN4LCDS7refreshEv
                0x00000000       0xb0 D:\RUNTIME\libRuntime.a(LCD.o)
 .text._ZN4LCDS14buffer_roll_upEv
                0x00000000       0xc2 D:\RUNTIME\libRuntime.a(LCD.o)
 .text._ZN4LCDS10write_charEc
                0x00000000       0xb0 D:\RUNTIME\libRuntime.a(LCD.o)
 .text._ZN4LCDS15write_SRAM_textEPKch
                0x00000000       0x46 D:\RUNTIME\libRuntime.a(LCD.o)
 .text._ZN4LCDS16write_FLASH_textEPKch
                0x00000000       0x4a D:\RUNTIME\libRuntime.a(LCD.o)
 .text._ZN4LCDS9scroll_upEh
                0x00000000       0x20 D:\RUNTIME\libRuntime.a(LCD.o)
 .text._ZN4LCDS11scroll_downEh
                0x00000000       0x4e D:\RUNTIME\libRuntime.a(LCD.o)
 .text          0x00000000        0x0 D:\RUNTIME\libRuntime.a(OSKernel.o)
 .data          0x00000000        0x0 D:\RUNTIME\libRuntime.a(OSKernel.o)
 .bss           0x00000000        0x0 D:\RUNTIME\libRuntime.a(OSKernel.o)
 .text._ZL4idlev
                0x00000000       0x18 D:\RUNTIME\libRuntime.a(OSKernel.o)
 .text._Z11task_insertPFvvE8Priority
                0x00000000       0xd6 D:\RUNTIME\libRuntime.a(OSKernel.o)
 .text._Z8activateh
                0x00000000       0x48 D:\RUNTIME\libRuntime.a(OSKernel.o)
 .text._Z9is_activeh
                0x00000000       0x2a D:\RUNTIME\libRuntime.a(OSKernel.o)
 .text._Z10elapsed_msh
                0x00000000       0x3c D:\RUNTIME\libRuntime.a(OSKernel.o)
 .text._Z6kernel14SchedulingTypePFvhE
                0x00000000       0x2c D:\RUNTIME\libRuntime.a(OSKernel.o)
 .text._Z11stop_kernelh
                0x00000000       0x1e D:\RUNTIME\libRuntime.a(OSKernel.o)
 .text._Z10deactivateh
                0x00000000       0x52 D:\RUNTIME\libRuntime.a(OSKernel.o)
 .text._Z15current_task_idv
                0x00000000        0x6 D:\RUNTIME\libRuntime.a(OSKernel.o)
 .text._Z13task_set_prio8Priority
                0x00000000       0x1c D:\RUNTIME\libRuntime.a(OSKernel.o)
 .text._Z8sem_waith
                0x00000000       0x70 D:\RUNTIME\libRuntime.a(OSKernel.o)
 .bss._ZL22sem_waiting_free_index
                0x00000000        0x1 D:\RUNTIME\libRuntime.a(OSKernel.o)
 .bss._ZL8exitproc
                0x00000000        0x2 D:\RUNTIME\libRuntime.a(OSKernel.o)
 .group         0x00000000        0x8 D:\RUNTIME\libRuntime.a(QuadEncoder.o)
 .group         0x00000000        0x8 D:\RUNTIME\libRuntime.a(QuadEncoder.o)
 .group         0x00000000        0x8 D:\RUNTIME\libRuntime.a(QuadEncoder.o)
 .group         0x00000000        0x8 D:\RUNTIME\libRuntime.a(QuadEncoder.o)
 .group         0x00000000        0x8 D:\RUNTIME\libRuntime.a(QuadEncoder.o)
 .group         0x00000000        0x8 D:\RUNTIME\libRuntime.a(QuadEncoder.o)
 .text          0x00000000        0x0 D:\RUNTIME\libRuntime.a(QuadEncoder.o)
 .data          0x00000000        0x0 D:\RUNTIME\libRuntime.a(QuadEncoder.o)
 .bss           0x00000000        0x0 D:\RUNTIME\libRuntime.a(QuadEncoder.o)
 .text._ZN11DigiPortRaw5writeEh
                0x00000000       0x26 D:\RUNTIME\libRuntime.a(QuadEncoder.o)
 .text._ZN11DigiPortRaw8read_rawEh
                0x00000000       0x2e D:\RUNTIME\libRuntime.a(QuadEncoder.o)
 .text          0x00000000        0x0 D:\RUNTIME\libRuntime.a(ScrollMenu.o)
 .data          0x00000000        0x0 D:\RUNTIME\libRuntime.a(ScrollMenu.o)
 .bss           0x00000000        0x0 D:\RUNTIME\libRuntime.a(ScrollMenu.o)
 .group         0x00000000        0x8 D:\RUNTIME\libRuntime.a(Timer.o)
 .group         0x00000000        0x8 D:\RUNTIME\libRuntime.a(Timer.o)
 .group         0x00000000        0x8 D:\RUNTIME\libRuntime.a(Timer.o)
 .group         0x00000000        0x8 D:\RUNTIME\libRuntime.a(Timer.o)
 .group         0x00000000        0x8 D:\RUNTIME\libRuntime.a(Timer.o)
 .group         0x00000000        0x8 D:\RUNTIME\libRuntime.a(Timer.o)
 .group         0x00000000        0x8 D:\RUNTIME\libRuntime.a(Timer.o)
 .group         0x00000000        0x8 D:\RUNTIME\libRuntime.a(Timer.o)
 .group         0x00000000        0x8 D:\RUNTIME\libRuntime.a(Timer.o)
 .group         0x00000000        0x8 D:\RUNTIME\libRuntime.a(Timer.o)
 .group         0x00000000        0x8 D:\RUNTIME\libRuntime.a(Timer.o)
 .group         0x00000000        0x8 D:\RUNTIME\libRuntime.a(Timer.o)
 .group         0x00000000        0x8 D:\RUNTIME\libRuntime.a(Timer.o)
 .group         0x00000000        0x8 D:\RUNTIME\libRuntime.a(Timer.o)
 .group         0x00000000        0x8 D:\RUNTIME\libRuntime.a(Timer.o)
 .group         0x00000000        0x8 D:\RUNTIME\libRuntime.a(Timer.o)
 .text          0x00000000        0x0 D:\RUNTIME\libRuntime.a(Timer.o)
 .data          0x00000000        0x0 D:\RUNTIME\libRuntime.a(Timer.o)
 .bss           0x00000000        0x0 D:\RUNTIME\libRuntime.a(Timer.o)
 .text._ZN6Timer88start_msEjjjh
                0x00000000       0xe6 D:\RUNTIME\libRuntime.a(Timer.o)
 .text._ZN6Timer88start_usEjjjh
                0x00000000       0xc6 D:\RUNTIME\libRuntime.a(Timer.o)
 .text._ZN7OSTimer5startEj
                0x00000000       0x6e D:\RUNTIME\libRuntime.a(Timer.o)
 .text._ZN12DelayHandler14tick_call_backEv
                0x00000000      0x1d0 D:\RUNTIME\libRuntime.a(Timer.o)
 .text._ZN12DelayHandlerC2Eh21delay_time_resolution9op_mode_t
                0x00000000       0x5c D:\RUNTIME\libRuntime.a(Timer.o)
 .text._ZN12DelayHandler4waitEjh
                0x00000000      0x1c0 D:\RUNTIME\libRuntime.a(Timer.o)
 .text._ZN12DelayHandler17remaining_repeatsEj
                0x00000000       0x60 D:\RUNTIME\libRuntime.a(Timer.o)
 .rodata._ZTV12DelayHandler
                0x00000000        0xe D:\RUNTIME\libRuntime.a(Timer.o)
 .bss._ZN12DelayHandler22delay_handler_instanceE
                0x00000000        0x2 D:\RUNTIME\libRuntime.a(Timer.o)
 .text          0x00000000        0x0 D:\RUNTIME\libRuntime.a(Basics.o)
 .data          0x00000000        0x0 D:\RUNTIME\libRuntime.a(Basics.o)
 .bss           0x00000000        0x0 D:\RUNTIME\libRuntime.a(Basics.o)
 .text          0x00000000        0x0 c:/program files (x86)/atmel/studio/7.0/toolchain/avr8/avr8-gnu-toolchain/bin/../lib/gcc/avr/5.4.0/avr6\libgcc.a(_divmodhi4.o)
 .data          0x00000000        0x0 c:/program files (x86)/atmel/studio/7.0/toolchain/avr8/avr8-gnu-toolchain/bin/../lib/gcc/avr/5.4.0/avr6\libgcc.a(_divmodhi4.o)
 .bss           0x00000000        0x0 c:/program files (x86)/atmel/studio/7.0/toolchain/avr8/avr8-gnu-toolchain/bin/../lib/gcc/avr/5.4.0/avr6\libgcc.a(_divmodhi4.o)
 .text.libgcc.mul
                0x00000000        0x0 c:/program files (x86)/atmel/studio/7.0/toolchain/avr8/avr8-gnu-toolchain/bin/../lib/gcc/avr/5.4.0/avr6\libgcc.a(_divmodhi4.o)
 .text.libgcc   0x00000000        0x0 c:/program files (x86)/atmel/studio/7.0/toolchain/avr8/avr8-gnu-toolchain/bin/../lib/gcc/avr/5.4.0/avr6\libgcc.a(_divmodhi4.o)
 .text.libgcc.prologue
                0x00000000        0x0 c:/program files (x86)/atmel/studio/7.0/toolchain/avr8/avr8-gnu-toolchain/bin/../lib/gcc/avr/5.4.0/avr6\libgcc.a(_divmodhi4.o)
 .text.libgcc.builtins
                0x00000000        0x0 c:/program files (x86)/atmel/studio/7.0/toolchain/avr8/avr8-gnu-toolchain/bin/../lib/gcc/avr/5.4.0/avr6\libgcc.a(_divmodhi4.o)
 .text.libgcc.fmul
                0x00000000        0x0 c:/program files (x86)/atmel/studio/7.0/toolchain/avr8/avr8-gnu-toolchain/bin/../lib/gcc/avr/5.4.0/avr6\libgcc.a(_divmodhi4.o)
 .text.libgcc.fixed
                0x00000000        0x0 c:/program files (x86)/atmel/studio/7.0/toolchain/avr8/avr8-gnu-toolchain/bin/../lib/gcc/avr/5.4.0/avr6\libgcc.a(_divmodhi4.o)
 .text          0x00000000        0x0 c:/program files (x86)/atmel/studio/7.0/toolchain/avr8/avr8-gnu-toolchain/bin/../lib/gcc/avr/5.4.0/avr6\libgcc.a(_udivmodsi4.o)
 .data          0x00000000        0x0 c:/program files (x86)/atmel/studio/7.0/toolchain/avr8/avr8-gnu-toolchain/bin/../lib/gcc/avr/5.4.0/avr6\libgcc.a(_udivmodsi4.o)
 .bss           0x00000000        0x0 c:/program files (x86)/atmel/studio/7.0/toolchain/avr8/avr8-gnu-toolchain/bin/../lib/gcc/avr/5.4.0/avr6\libgcc.a(_udivmodsi4.o)
 .text.libgcc.mul
                0x00000000        0x0 c:/program files (x86)/atmel/studio/7.0/toolchain/avr8/avr8-gnu-toolchain/bin/../lib/gcc/avr/5.4.0/avr6\libgcc.a(_udivmodsi4.o)
 .text.libgcc.div
                0x00000000       0x44 c:/program files (x86)/atmel/studio/7.0/toolchain/avr8/avr8-gnu-toolchain/bin/../lib/gcc/avr/5.4.0/avr6\libgcc.a(_udivmodsi4.o)
 .text.libgcc   0x00000000        0x0 c:/program files (x86)/atmel/studio/7.0/toolchain/avr8/avr8-gnu-toolchain/bin/../lib/gcc/avr/5.4.0/avr6\libgcc.a(_udivmodsi4.o)
 .text.libgcc.prologue
                0x00000000        0x0 c:/program files (x86)/atmel/studio/7.0/toolchain/avr8/avr8-gnu-toolchain/bin/../lib/gcc/avr/5.4.0/avr6\libgcc.a(_udivmodsi4.o)
 .text.libgcc.builtins
                0x00000000        0x0 c:/program files (x86)/atmel/studio/7.0/toolchain/avr8/avr8-gnu-toolchain/bin/../lib/gcc/avr/5.4.0/avr6\libgcc.a(_udivmodsi4.o)
 .text.libgcc.fmul
                0x00000000        0x0 c:/program files (x86)/atmel/studio/7.0/toolchain/avr8/avr8-gnu-toolchain/bin/../lib/gcc/avr/5.4.0/avr6\libgcc.a(_udivmodsi4.o)
 .text.libgcc.fixed
                0x00000000        0x0 c:/program files (x86)/atmel/studio/7.0/toolchain/avr8/avr8-gnu-toolchain/bin/../lib/gcc/avr/5.4.0/avr6\libgcc.a(_udivmodsi4.o)
 .text          0x00000000        0x0 c:/program files (x86)/atmel/studio/7.0/toolchain/avr8/avr8-gnu-toolchain/bin/../lib/gcc/avr/5.4.0/avr6\libgcc.a(_exit.o)
 .data          0x00000000        0x0 c:/program files (x86)/atmel/studio/7.0/toolchain/avr8/avr8-gnu-toolchain/bin/../lib/gcc/avr/5.4.0/avr6\libgcc.a(_exit.o)
 .bss           0x00000000        0x0 c:/program files (x86)/atmel/studio/7.0/toolchain/avr8/avr8-gnu-toolchain/bin/../lib/gcc/avr/5.4.0/avr6\libgcc.a(_exit.o)
 .text.libgcc.mul
                0x00000000        0x0 c:/program files (x86)/atmel/studio/7.0/toolchain/avr8/avr8-gnu-toolchain/bin/../lib/gcc/avr/5.4.0/avr6\libgcc.a(_exit.o)
 .text.libgcc.div
                0x00000000        0x0 c:/program files (x86)/atmel/studio/7.0/toolchain/avr8/avr8-gnu-toolchain/bin/../lib/gcc/avr/5.4.0/avr6\libgcc.a(_exit.o)
 .text.libgcc   0x00000000        0x0 c:/program files (x86)/atmel/studio/7.0/toolchain/avr8/avr8-gnu-toolchain/bin/../lib/gcc/avr/5.4.0/avr6\libgcc.a(_exit.o)
 .text.libgcc.prologue
                0x00000000        0x0 c:/program files (x86)/atmel/studio/7.0/toolchain/avr8/avr8-gnu-toolchain/bin/../lib/gcc/avr/5.4.0/avr6\libgcc.a(_exit.o)
 .text.libgcc.builtins
                0x00000000        0x0 c:/program files (x86)/atmel/studio/7.0/toolchain/avr8/avr8-gnu-toolchain/bin/../lib/gcc/avr/5.4.0/avr6\libgcc.a(_exit.o)
 .text.libgcc.fmul
                0x00000000        0x0 c:/program files (x86)/atmel/studio/7.0/toolchain/avr8/avr8-gnu-toolchain/bin/../lib/gcc/avr/5.4.0/avr6\libgcc.a(_exit.o)
 .text.libgcc.fixed
                0x00000000        0x0 c:/program files (x86)/atmel/studio/7.0/toolchain/avr8/avr8-gnu-toolchain/bin/../lib/gcc/avr/5.4.0/avr6\libgcc.a(_exit.o)
 .text          0x00000000        0x0 c:/program files (x86)/atmel/studio/7.0/toolchain/avr8/avr8-gnu-toolchain/bin/../lib/gcc/avr/5.4.0/avr6\libgcc.a(_copy_data.o)
 .data          0x00000000        0x0 c:/program files (x86)/atmel/studio/7.0/toolchain/avr8/avr8-gnu-toolchain/bin/../lib/gcc/avr/5.4.0/avr6\libgcc.a(_copy_data.o)
 .bss           0x00000000        0x0 c:/program files (x86)/atmel/studio/7.0/toolchain/avr8/avr8-gnu-toolchain/bin/../lib/gcc/avr/5.4.0/avr6\libgcc.a(_copy_data.o)
 .text.libgcc.mul
                0x00000000        0x0 c:/program files (x86)/atmel/studio/7.0/toolchain/avr8/avr8-gnu-toolchain/bin/../lib/gcc/avr/5.4.0/avr6\libgcc.a(_copy_data.o)
 .text.libgcc.div
                0x00000000        0x0 c:/program files (x86)/atmel/studio/7.0/toolchain/avr8/avr8-gnu-toolchain/bin/../lib/gcc/avr/5.4.0/avr6\libgcc.a(_copy_data.o)
 .text.libgcc   0x00000000        0x0 c:/program files (x86)/atmel/studio/7.0/toolchain/avr8/avr8-gnu-toolchain/bin/../lib/gcc/avr/5.4.0/avr6\libgcc.a(_copy_data.o)
 .text.libgcc.prologue
                0x00000000        0x0 c:/program files (x86)/atmel/studio/7.0/toolchain/avr8/avr8-gnu-toolchain/bin/../lib/gcc/avr/5.4.0/avr6\libgcc.a(_copy_data.o)
 .text.libgcc.builtins
                0x00000000        0x0 c:/program files (x86)/atmel/studio/7.0/toolchain/avr8/avr8-gnu-toolchain/bin/../lib/gcc/avr/5.4.0/avr6\libgcc.a(_copy_data.o)
 .text.libgcc.fmul
                0x00000000        0x0 c:/program files (x86)/atmel/studio/7.0/toolchain/avr8/avr8-gnu-toolchain/bin/../lib/gcc/avr/5.4.0/avr6\libgcc.a(_copy_data.o)
 .text.libgcc.fixed
                0x00000000        0x0 c:/program files (x86)/atmel/studio/7.0/toolchain/avr8/avr8-gnu-toolchain/bin/../lib/gcc/avr/5.4.0/avr6\libgcc.a(_copy_data.o)
 .text          0x00000000        0x0 c:/program files (x86)/atmel/studio/7.0/toolchain/avr8/avr8-gnu-toolchain/bin/../lib/gcc/avr/5.4.0/avr6\libgcc.a(_clear_bss.o)
 .data          0x00000000        0x0 c:/program files (x86)/atmel/studio/7.0/toolchain/avr8/avr8-gnu-toolchain/bin/../lib/gcc/avr/5.4.0/avr6\libgcc.a(_clear_bss.o)
 .bss           0x00000000        0x0 c:/program files (x86)/atmel/studio/7.0/toolchain/avr8/avr8-gnu-toolchain/bin/../lib/gcc/avr/5.4.0/avr6\libgcc.a(_clear_bss.o)
 .text.libgcc.mul
                0x00000000        0x0 c:/program files (x86)/atmel/studio/7.0/toolchain/avr8/avr8-gnu-toolchain/bin/../lib/gcc/avr/5.4.0/avr6\libgcc.a(_clear_bss.o)
 .text.libgcc.div
                0x00000000        0x0 c:/program files (x86)/atmel/studio/7.0/toolchain/avr8/avr8-gnu-toolchain/bin/../lib/gcc/avr/5.4.0/avr6\libgcc.a(_clear_bss.o)
 .text.libgcc   0x00000000        0x0 c:/program files (x86)/atmel/studio/7.0/toolchain/avr8/avr8-gnu-toolchain/bin/../lib/gcc/avr/5.4.0/avr6\libgcc.a(_clear_bss.o)
 .text.libgcc.prologue
                0x00000000        0x0 c:/program files (x86)/atmel/studio/7.0/toolchain/avr8/avr8-gnu-toolchain/bin/../lib/gcc/avr/5.4.0/avr6\libgcc.a(_clear_bss.o)
 .text.libgcc.builtins
                0x00000000        0x0 c:/program files (x86)/atmel/studio/7.0/toolchain/avr8/avr8-gnu-toolchain/bin/../lib/gcc/avr/5.4.0/avr6\libgcc.a(_clear_bss.o)
 .text.libgcc.fmul
                0x00000000        0x0 c:/program files (x86)/atmel/studio/7.0/toolchain/avr8/avr8-gnu-toolchain/bin/../lib/gcc/avr/5.4.0/avr6\libgcc.a(_clear_bss.o)
 .text.libgcc.fixed
                0x00000000        0x0 c:/program files (x86)/atmel/studio/7.0/toolchain/avr8/avr8-gnu-toolchain/bin/../lib/gcc/avr/5.4.0/avr6\libgcc.a(_clear_bss.o)
 .text          0x00000000        0x0 c:/program files (x86)/atmel/studio/7.0/toolchain/avr8/avr8-gnu-toolchain/bin/../lib/gcc/avr/5.4.0/avr6\libgcc.a(_ctors.o)
 .data          0x00000000        0x0 c:/program files (x86)/atmel/studio/7.0/toolchain/avr8/avr8-gnu-toolchain/bin/../lib/gcc/avr/5.4.0/avr6\libgcc.a(_ctors.o)
 .bss           0x00000000        0x0 c:/program files (x86)/atmel/studio/7.0/toolchain/avr8/avr8-gnu-toolchain/bin/../lib/gcc/avr/5.4.0/avr6\libgcc.a(_ctors.o)
 .text.libgcc.mul
                0x00000000        0x0 c:/program files (x86)/atmel/studio/7.0/toolchain/avr8/avr8-gnu-toolchain/bin/../lib/gcc/avr/5.4.0/avr6\libgcc.a(_ctors.o)
 .text.libgcc.div
                0x00000000        0x0 c:/program files (x86)/atmel/studio/7.0/toolchain/avr8/avr8-gnu-toolchain/bin/../lib/gcc/avr/5.4.0/avr6\libgcc.a(_ctors.o)
 .text.libgcc   0x00000000        0x0 c:/program files (x86)/atmel/studio/7.0/toolchain/avr8/avr8-gnu-toolchain/bin/../lib/gcc/avr/5.4.0/avr6\libgcc.a(_ctors.o)
 .text.libgcc.prologue
                0x00000000        0x0 c:/program files (x86)/atmel/studio/7.0/toolchain/avr8/avr8-gnu-toolchain/bin/../lib/gcc/avr/5.4.0/avr6\libgcc.a(_ctors.o)
 .text.libgcc.builtins
                0x00000000        0x0 c:/program files (x86)/atmel/studio/7.0/toolchain/avr8/avr8-gnu-toolchain/bin/../lib/gcc/avr/5.4.0/avr6\libgcc.a(_ctors.o)
 .text.libgcc.fmul
                0x00000000        0x0 c:/program files (x86)/atmel/studio/7.0/toolchain/avr8/avr8-gnu-toolchain/bin/../lib/gcc/avr/5.4.0/avr6\libgcc.a(_ctors.o)
 .text.libgcc.fixed
                0x00000000        0x0 c:/program files (x86)/atmel/studio/7.0/toolchain/avr8/avr8-gnu-toolchain/bin/../lib/gcc/avr/5.4.0/avr6\libgcc.a(_ctors.o)
 .text          0x00000000        0x0 c:/program files (x86)/atmel/studio/7.0/toolchain/avr8/avr8-gnu-toolchain/bin/../lib/gcc/avr/5.4.0/avr6\libgcc.a(_dtors.o)
 .data          0x00000000        0x0 c:/program files (x86)/atmel/studio/7.0/toolchain/avr8/avr8-gnu-toolchain/bin/../lib/gcc/avr/5.4.0/avr6\libgcc.a(_dtors.o)
 .bss           0x00000000        0x0 c:/program files (x86)/atmel/studio/7.0/toolchain/avr8/avr8-gnu-toolchain/bin/../lib/gcc/avr/5.4.0/avr6\libgcc.a(_dtors.o)
 .text.libgcc.mul
                0x00000000        0x0 c:/program files (x86)/atmel/studio/7.0/toolchain/avr8/avr8-gnu-toolchain/bin/../lib/gcc/avr/5.4.0/avr6\libgcc.a(_dtors.o)
 .text.libgcc.div
                0x00000000        0x0 c:/program files (x86)/atmel/studio/7.0/toolchain/avr8/avr8-gnu-toolchain/bin/../lib/gcc/avr/5.4.0/avr6\libgcc.a(_dtors.o)
 .text.libgcc   0x00000000        0x0 c:/program files (x86)/atmel/studio/7.0/toolchain/avr8/avr8-gnu-toolchain/bin/../lib/gcc/avr/5.4.0/avr6\libgcc.a(_dtors.o)
 .text.libgcc.prologue
                0x00000000        0x0 c:/program files (x86)/atmel/studio/7.0/toolchain/avr8/avr8-gnu-toolchain/bin/../lib/gcc/avr/5.4.0/avr6\libgcc.a(_dtors.o)
 .text.libgcc.builtins
                0x00000000        0x0 c:/program files (x86)/atmel/studio/7.0/toolchain/avr8/avr8-gnu-toolchain/bin/../lib/gcc/avr/5.4.0/avr6\libgcc.a(_dtors.o)
 .text.libgcc.fmul
                0x00000000        0x0 c:/program files (x86)/atmel/studio/7.0/toolchain/avr8/avr8-gnu-toolchain/bin/../lib/gcc/avr/5.4.0/avr6\libgcc.a(_dtors.o)
 .text.libgcc.fixed
                0x00000000        0x0 c:/program files (x86)/atmel/studio/7.0/toolchain/avr8/avr8-gnu-toolchain/bin/../lib/gcc/avr/5.4.0/avr6\libgcc.a(_dtors.o)
 .text          0x00000000        0x0 c:/program files (x86)/atmel/studio/7.0/toolchain/avr8/avr8-gnu-toolchain/bin/../lib/gcc/avr/5.4.0/avr6\libgcc.a(_udivmodhi4.o)
 .data          0x00000000        0x0 c:/program files (x86)/atmel/studio/7.0/toolchain/avr8/avr8-gnu-toolchain/bin/../lib/gcc/avr/5.4.0/avr6\libgcc.a(_udivmodhi4.o)
 .bss           0x00000000        0x0 c:/program files (x86)/atmel/studio/7.0/toolchain/avr8/avr8-gnu-toolchain/bin/../lib/gcc/avr/5.4.0/avr6\libgcc.a(_udivmodhi4.o)
 .text.libgcc.mul
                0x00000000        0x0 c:/program files (x86)/atmel/studio/7.0/toolchain/avr8/avr8-gnu-toolchain/bin/../lib/gcc/avr/5.4.0/avr6\libgcc.a(_udivmodhi4.o)
 .text.libgcc   0x00000000        0x0 c:/program files (x86)/atmel/studio/7.0/toolchain/avr8/avr8-gnu-toolchain/bin/../lib/gcc/avr/5.4.0/avr6\libgcc.a(_udivmodhi4.o)
 .text.libgcc.prologue
                0x00000000        0x0 c:/program files (x86)/atmel/studio/7.0/toolchain/avr8/avr8-gnu-toolchain/bin/../lib/gcc/avr/5.4.0/avr6\libgcc.a(_udivmodhi4.o)
 .text.libgcc.builtins
                0x00000000        0x0 c:/program files (x86)/atmel/studio/7.0/toolchain/avr8/avr8-gnu-toolchain/bin/../lib/gcc/avr/5.4.0/avr6\libgcc.a(_udivmodhi4.o)
 .text.libgcc.fmul
                0x00000000        0x0 c:/program files (x86)/atmel/studio/7.0/toolchain/avr8/avr8-gnu-toolchain/bin/../lib/gcc/avr/5.4.0/avr6\libgcc.a(_udivmodhi4.o)
 .text.libgcc.fixed
                0x00000000        0x0 c:/program files (x86)/atmel/studio/7.0/toolchain/avr8/avr8-gnu-toolchain/bin/../lib/gcc/avr/5.4.0/avr6\libgcc.a(_udivmodhi4.o)
 .text          0x00000000        0x0 c:/program files (x86)/atmel/studio/7.0/toolchain/avr8/avr8-gnu-toolchain/bin/../lib/gcc/avr/5.4.0/avr6\libgcc.a(_tablejump2.o)
 .data          0x00000000        0x0 c:/program files (x86)/atmel/studio/7.0/toolchain/avr8/avr8-gnu-toolchain/bin/../lib/gcc/avr/5.4.0/avr6\libgcc.a(_tablejump2.o)
 .bss           0x00000000        0x0 c:/program files (x86)/atmel/studio/7.0/toolchain/avr8/avr8-gnu-toolchain/bin/../lib/gcc/avr/5.4.0/avr6\libgcc.a(_tablejump2.o)
 .text.libgcc.mul
                0x00000000        0x0 c:/program files (x86)/atmel/studio/7.0/toolchain/avr8/avr8-gnu-toolchain/bin/../lib/gcc/avr/5.4.0/avr6\libgcc.a(_tablejump2.o)
 .text.libgcc.div
                0x00000000        0x0 c:/program files (x86)/atmel/studio/7.0/toolchain/avr8/avr8-gnu-toolchain/bin/../lib/gcc/avr/5.4.0/avr6\libgcc.a(_tablejump2.o)
 .text.libgcc.prologue
                0x00000000        0x0 c:/program files (x86)/atmel/studio/7.0/toolchain/avr8/avr8-gnu-toolchain/bin/../lib/gcc/avr/5.4.0/avr6\libgcc.a(_tablejump2.o)
 .text.libgcc.builtins
                0x00000000        0x0 c:/program files (x86)/atmel/studio/7.0/toolchain/avr8/avr8-gnu-toolchain/bin/../lib/gcc/avr/5.4.0/avr6\libgcc.a(_tablejump2.o)
 .text.libgcc.fmul
                0x00000000        0x0 c:/program files (x86)/atmel/studio/7.0/toolchain/avr8/avr8-gnu-toolchain/bin/../lib/gcc/avr/5.4.0/avr6\libgcc.a(_tablejump2.o)
 .text.libgcc.fixed
                0x00000000        0x0 c:/program files (x86)/atmel/studio/7.0/toolchain/avr8/avr8-gnu-toolchain/bin/../lib/gcc/avr/5.4.0/avr6\libgcc.a(_tablejump2.o)

Memory Configuration

Name             Origin             Length             Attributes
text             0x00000000         0x00040000         xr
data             0x00800200         0x00002000         rw !x
eeprom           0x00810000         0x00001000         rw !x
fuse             0x00820000         0x00000003         rw !x
lock             0x00830000         0x00000400         rw !x
signature        0x00840000         0x00000400         rw !x
user_signatures  0x00850000         0x00000400         rw !x
*default*        0x00000000         0xffffffff

Linker script and memory map

Address of section .data set to 0x800200
LOAD C:/Program Files (x86)/Atmel/Studio/7.0/Packs/atmel/ATmega_DFP/1.6.364/gcc/dev/atmega2560/avr6/crtatmega2560.o
LOAD main.o
LOAD Uhr.o
START GROUP
LOAD c:/program files (x86)/atmel/studio/7.0/toolchain/avr8/avr8-gnu-toolchain/bin/../lib/gcc/avr/5.4.0/../../../../avr/lib/avr6\libm.a
LOAD D:\RUNTIME\libRuntime.a
END GROUP
LOAD c:/program files (x86)/atmel/studio/7.0/toolchain/avr8/avr8-gnu-toolchain/bin/../lib/gcc/avr/5.4.0/avr6\libgcc.a
LOAD c:/program files (x86)/atmel/studio/7.0/toolchain/avr8/avr8-gnu-toolchain/bin/../lib/gcc/avr/5.4.0/../../../../avr/lib/avr6\libm.a
START GROUP
LOAD c:/program files (x86)/atmel/studio/7.0/toolchain/avr8/avr8-gnu-toolchain/bin/../lib/gcc/avr/5.4.0/avr6\libgcc.a
LOAD c:/program files (x86)/atmel/studio/7.0/toolchain/avr8/avr8-gnu-toolchain/bin/../lib/gcc/avr/5.4.0/../../../../avr/lib/avr6\libm.a
LOAD c:/program files (x86)/atmel/studio/7.0/toolchain/avr8/avr8-gnu-toolchain/bin/../lib/gcc/avr/5.4.0/../../../../avr/lib/avr6\libc.a
LOAD C:/Program Files (x86)/Atmel/Studio/7.0/Packs/atmel/ATmega_DFP/1.6.364/gcc/dev/atmega2560/avr6\libatmega2560.a
END GROUP
                0x00000000                __TEXT_REGION_ORIGIN__ = DEFINED (__TEXT_REGION_ORIGIN__)?__TEXT_REGION_ORIGIN__:0x0
                [0x00800200]                __DATA_REGION_ORIGIN__ = DEFINED (__DATA_REGION_ORIGIN__)?__DATA_REGION_ORIGIN__:0x800200
                [0x00040000]                __TEXT_REGION_LENGTH__ = DEFINED (__TEXT_REGION_LENGTH__)?__TEXT_REGION_LENGTH__:0x100000
                [0x00002000]                __DATA_REGION_LENGTH__ = DEFINED (__DATA_REGION_LENGTH__)?__DATA_REGION_LENGTH__:0xfe00
                [0x00001000]                __EEPROM_REGION_LENGTH__ = DEFINED (__EEPROM_REGION_LENGTH__)?__EEPROM_REGION_LENGTH__:0x10000
                [0x00000003]                __FUSE_REGION_LENGTH__ = DEFINED (__FUSE_REGION_LENGTH__)?__FUSE_REGION_LENGTH__:0x400
                0x00000400                __LOCK_REGION_LENGTH__ = DEFINED (__LOCK_REGION_LENGTH__)?__LOCK_REGION_LENGTH__:0x400
                0x00000400                __SIGNATURE_REGION_LENGTH__ = DEFINED (__SIGNATURE_REGION_LENGTH__)?__SIGNATURE_REGION_LENGTH__:0x400
                0x00000400                __USER_SIGNATURE_REGION_LENGTH__ = DEFINED (__USER_SIGNATURE_REGION_LENGTH__)?__USER_SIGNATURE_REGION_LENGTH__:0x400

.hash
 *(.hash)

.dynsym
 *(.dynsym)

.dynstr
 *(.dynstr)

.gnu.version
 *(.gnu.version)

.gnu.version_d
 *(.gnu.version_d)

.gnu.version_r
 *(.gnu.version_r)

.rel.init
 *(.rel.init)

.rela.init
 *(.rela.init)

.rel.text
 *(.rel.text)
 *(.rel.text.*)
 *(.rel.gnu.linkonce.t*)

.rela.text
 *(.rela.text)
 *(.rela.text.*)
 *(.rela.gnu.linkonce.t*)

.rel.fini
 *(.rel.fini)

.rela.fini
 *(.rela.fini)

.rel.rodata
 *(.rel.rodata)
 *(.rel.rodata.*)
 *(.rel.gnu.linkonce.r*)

.rela.rodata
 *(.rela.rodata)
 *(.rela.rodata.*)
 *(.rela.gnu.linkonce.r*)

.rel.data
 *(.rel.data)
 *(.rel.data.*)
 *(.rel.gnu.linkonce.d*)

.rela.data
 *(.rela.data)
 *(.rela.data.*)
 *(.rela.gnu.linkonce.d*)

.rel.ctors
 *(.rel.ctors)

.rela.ctors
 *(.rela.ctors)

.rel.dtors
 *(.rel.dtors)

.rela.dtors
 *(.rela.dtors)

.rel.got
 *(.rel.got)

.rela.got
 *(.rela.got)

.rel.bss
 *(.rel.bss)

.rela.bss
 *(.rela.bss)

.rel.plt
 *(.rel.plt)

.rela.plt
 *(.rela.plt)

.text           0x00000000     0x313a
 *(.vectors)
 .vectors       0x00000000       0xe4 C:/Program Files (x86)/Atmel/Studio/7.0/Packs/atmel/ATmega_DFP/1.6.364/gcc/dev/atmega2560/avr6/crtatmega2560.o
                0x00000000                __vector_default
                0x00000000                __vectors
 *(.vectors)
 *(.progmem.gcc*)
                0x000000e4                . = ALIGN (0x2)
                0x000000e4                __trampolines_start = .
 *(.trampolines)
 .trampolines   0x000000e4        0x0 linker stubs
 *(.trampolines*)
                0x000000e4                __trampolines_end = .
 *libprintf_flt.a:*(.progmem.data)
 *libc.a:*(.progmem.data)
 *(.progmem*)
 .progmem.data._ZL5menu4
                0x000000e4        0xa Uhr.o
 .progmem.data._ZL7entry42
                0x000000ee       0x10 Uhr.o
 .progmem.data._ZL7entry41
                0x000000fe       0x14 Uhr.o
 .progmem.data._ZL6title4
                0x00000112       0x16 Uhr.o
 .progmem.data._ZL5menu3
                0x00000128        0xc Uhr.o
 .progmem.data._ZL5menu2
                0x00000134        0xc Uhr.o
 .progmem.data._ZL7entry23
                0x00000140       0x14 Uhr.o
 .progmem.data._ZL7entry22
                0x00000154       0x14 Uhr.o
 .progmem.data._ZL7entry21
                0x00000168       0x15 Uhr.o
 .progmem.data._ZL6title3
                0x0000017d       0x16 Uhr.o
 .progmem.data._ZL6title2
                0x00000193       0x16 Uhr.o
 .progmem.data._ZL5menu1
                0x000001a9        0xc Uhr.o
 .progmem.data._ZL8exitmenu
                0x000001b5       0x15 Uhr.o
 .progmem.data._ZL7entry13
                0x000001ca       0x14 Uhr.o
 .progmem.data._ZL7entry12
                0x000001de       0x15 Uhr.o
 .progmem.data._ZL7entry11
                0x000001f3       0x15 Uhr.o
 .progmem.data._ZL6title1
                0x00000208       0x14 Uhr.o
 .progmem.data._ZL8cleartxt
                0x0000021c       0x14 Uhr.o
                0x00000230                . = ALIGN (0x2)
 *(.jumptables)
 *(.jumptables*)
 *(.lowtext)
 *(.lowtext*)
                0x00000230                __ctors_start = .
 *(.ctors)
 .ctors         0x00000230        0x2 main.o
 .ctors         0x00000232        0x2 Uhr.o
 .ctors         0x00000234        0x2 D:\RUNTIME\libRuntime.a(OSKernel.o)
                0x00000236                __ctors_end = .
                0x00000236                __dtors_start = .
 *(.dtors)
 .dtors         0x00000236        0x2 main.o
                0x00000238                __dtors_end = .
 SORT(*)(.ctors)
 SORT(*)(.dtors)
 *(.init0)
 .init0         0x00000238        0x0 C:/Program Files (x86)/Atmel/Studio/7.0/Packs/atmel/ATmega_DFP/1.6.364/gcc/dev/atmega2560/avr6/crtatmega2560.o
                0x00000238                __init
 .init0         0x00000238       0x18 main.o
 .init0         0x00000250       0x18 Uhr.o
 .init0         0x00000268       0x18 D:\RUNTIME\libRuntime.a(DigiPort.o)
 .init0         0x00000280       0x18 D:\RUNTIME\libRuntime.a(LCD.o)
 .init0         0x00000298       0x18 D:\RUNTIME\libRuntime.a(OSKernel.o)
 .init0         0x000002b0       0x18 D:\RUNTIME\libRuntime.a(QuadEncoder.o)
 .init0         0x000002c8       0x18 D:\RUNTIME\libRuntime.a(ScrollMenu.o)
 .init0         0x000002e0       0x18 D:\RUNTIME\libRuntime.a(Timer.o)
 .init0         0x000002f8       0x18 D:\RUNTIME\libRuntime.a(Basics.o)
 *(.init0)
 *(.init1)
 *(.init1)
 *(.init2)
 .init2         0x00000310       0x10 C:/Program Files (x86)/Atmel/Studio/7.0/Packs/atmel/ATmega_DFP/1.6.364/gcc/dev/atmega2560/avr6/crtatmega2560.o
 *(.init2)
 *(.init3)
 *(.init3)
 *(.init4)
 .init4         0x00000320       0x1a c:/program files (x86)/atmel/studio/7.0/toolchain/avr8/avr8-gnu-toolchain/bin/../lib/gcc/avr/5.4.0/avr6\libgcc.a(_copy_data.o)
                0x00000320                __do_copy_data
 .init4         0x0000033a       0x10 c:/program files (x86)/atmel/studio/7.0/toolchain/avr8/avr8-gnu-toolchain/bin/../lib/gcc/avr/5.4.0/avr6\libgcc.a(_clear_bss.o)
                0x0000033a                __do_clear_bss
 *(.init4)
 *(.init5)
 *(.init5)
 *(.init6)
 .init6         0x0000034a       0x20 c:/program files (x86)/atmel/studio/7.0/toolchain/avr8/avr8-gnu-toolchain/bin/../lib/gcc/avr/5.4.0/avr6\libgcc.a(_ctors.o)
                0x0000034a                __do_global_ctors
 *(.init6)
 *(.init7)
 *(.init7)
 *(.init8)
 *(.init8)
 *(.init9)
 .init9         0x0000036a        0x6 C:/Program Files (x86)/Atmel/Studio/7.0/Packs/atmel/ATmega_DFP/1.6.364/gcc/dev/atmega2560/avr6/crtatmega2560.o
 *(.init9)
 *(.text)
 .text          0x00000370        0x2 C:/Program Files (x86)/Atmel/Studio/7.0/Packs/atmel/ATmega_DFP/1.6.364/gcc/dev/atmega2560/avr6/crtatmega2560.o
                0x00000370                __vector_38
                0x00000370                __vector_28
                0x00000370                __vector_1
                0x00000370                __vector_24
                0x00000370                __vector_12
                0x00000370                __vector_55
                0x00000370                __vector_46
                0x00000370                __bad_interrupt
                0x00000370                __vector_6
                0x00000370                __vector_31
                0x00000370                __vector_39
                0x00000370                __vector_3
                0x00000370                __vector_30
                0x00000370                __vector_25
                0x00000370                __vector_54
                0x00000370                __vector_56
                0x00000370                __vector_7
                0x00000370                __vector_41
                0x00000370                __vector_27
                0x00000370                __vector_5
                0x00000370                __vector_52
                0x00000370                __vector_37
                0x00000370                __vector_4
                0x00000370                __vector_51
                0x00000370                __vector_2
                0x00000370                __vector_15
                0x00000370                __vector_36
                0x00000370                __vector_29
                0x00000370                __vector_40
                0x00000370                __vector_8
                0x00000370                __vector_26
                0x00000370                __vector_53
                0x00000370                __vector_16
                0x00000372                . = ALIGN (0x2)
 *(.text.*)
 .text._Z6timeUpv
                0x00000372        0x8 main.o
                0x00000372                _Z6timeUpv
 .text._Z8timeup_2v
                0x0000037a        0x8 main.o
                0x0000037a                _Z8timeup_2v
 .text._Z41__static_initialization_and_destruction_0ii
                0x00000382       0xbc main.o
 .text.main     0x0000043e      0x34a main.o
                0x0000043e                main
 .text._GLOBAL__sub_I_my_clock
                0x00000788        0xc main.o
 .text._GLOBAL__sub_D_my_clock
                0x00000794        0xc main.o
 .text._Z41__static_initialization_and_destruction_0ii
                0x000007a0       0xc0 Uhr.o
 .text._ZN3Uhr10start_timeEv
                0x00000860       0x34 Uhr.o
                0x00000860                _ZN3Uhr10start_timeEv
 .text._ZN3Uhr20start_time_stopwatchEv
                0x00000894       0x36 Uhr.o
                0x00000894                _ZN3Uhr20start_time_stopwatchEv
 .text._ZN3Uhr7setTimeEhh
                0x000008ca      0x238 Uhr.o
                0x000008ca                _ZN3Uhr7setTimeEhh
 .text._ZN3Uhr10set_formatEb
                0x00000b02       0xe2 Uhr.o
                0x00000b02                _ZN3Uhr10set_formatEb
 .text._ZN3Uhr8showTimeEb
                0x00000be4       0x9a Uhr.o
                0x00000be4                _ZN3Uhr8showTimeEb
 .text._ZN3UhrD2Ev
                0x00000c7e        0x2 Uhr.o
                0x00000c7e                _ZN3UhrD1Ev
                0x00000c7e                _ZN3UhrD2Ev
 .text._GLOBAL__sub_I_disp
                0x00000c80        0xc Uhr.o
 .text._ZN11DigiPortRaw5writeEh
                0x00000c8c       0x26 D:\RUNTIME\libRuntime.a(DigiPort.o)
                0x00000c8c                _ZN11DigiPortRaw5writeEh
 .text._ZN11DigiPortRaw2onEh
                0x00000cb2       0x3c D:\RUNTIME\libRuntime.a(DigiPort.o)
                0x00000cb2                _ZN11DigiPortRaw2onEh
 .text._ZN11DigiPortRaw3offEh
                0x00000cee       0x3c D:\RUNTIME\libRuntime.a(DigiPort.o)
                0x00000cee                _ZN11DigiPortRaw3offEh
 .text._ZN11DigiPortRaw6toggleEh
                0x00000d2a       0x1e D:\RUNTIME\libRuntime.a(DigiPort.o)
                0x00000d2a                _ZN11DigiPortRaw6toggleEh
 .text._ZN11DigiPortRaw8read_rawEh
                0x00000d48       0x2e D:\RUNTIME\libRuntime.a(DigiPort.o)
                0x00000d48                _ZN11DigiPortRaw8read_rawEh
 .text._ZN12DigiPortIRPT6notifyEv
                0x00000d76       0x40 D:\RUNTIME\libRuntime.a(DigiPort.o)
                0x00000d76                _ZN12DigiPortIRPT6notifyEv
 .text._ZN11DigiPortRaw13read_blockingEh
                0x00000db6       0x4a D:\RUNTIME\libRuntime.a(DigiPort.o)
                0x00000db6                _ZN11DigiPortRaw13read_blockingEh
 .text._ZN11DigiPortRawC2Ehhh
                0x00000e00       0x48 D:\RUNTIME\libRuntime.a(DigiPort.o)
                0x00000e00                _ZN11DigiPortRawC1Ehhh
                0x00000e00                _ZN11DigiPortRawC2Ehhh
 .text.__vector_9
                0x00000e48       0x66 D:\RUNTIME\libRuntime.a(DigiPort.o)
                0x00000e48                __vector_9
 .text.__vector_10
                0x00000eae       0x66 D:\RUNTIME\libRuntime.a(DigiPort.o)
                0x00000eae                __vector_10
 .text.__vector_11
                0x00000f14       0x66 D:\RUNTIME\libRuntime.a(DigiPort.o)
                0x00000f14                __vector_11
 .text._ZN12DigiPortIRPTC2EhhhPFvvE
                0x00000f7a       0x94 D:\RUNTIME\libRuntime.a(DigiPort.o)
                0x00000f7a                _ZN12DigiPortIRPTC1EhhhPFvvE
                0x00000f7a                _ZN12DigiPortIRPTC2EhhhPFvvE
 .text._ZN3LCD10wait_readyEv
                0x0000100e       0xd4 D:\RUNTIME\libRuntime.a(LCD.o)
                0x0000100e                _ZN3LCD10wait_readyEv
 .text._ZN3LCD6enableEv
                0x000010e2       0x44 D:\RUNTIME\libRuntime.a(LCD.o)
                0x000010e2                _ZN3LCD6enableEv
 .text._ZN3LCD7commandEh
                0x00001126       0xb6 D:\RUNTIME\libRuntime.a(LCD.o)
                0x00001126                _ZN3LCD7commandEh
 .text._ZN3LCD7set_posEhh
                0x000011dc       0x58 D:\RUNTIME\libRuntime.a(LCD.o)
                0x000011dc                _ZN3LCD7set_posEhh
 .text._ZN3LCD14advance_cursorEv
                0x00001234       0x3c D:\RUNTIME\libRuntime.a(LCD.o)
                0x00001234                _ZN3LCD14advance_cursorEv
 .text._ZN3LCD4initEh
                0x00001270      0x134 D:\RUNTIME\libRuntime.a(LCD.o)
                0x00001270                _ZN3LCD4initEh
 .text._ZN3LCDC2Eh10LCD_Type_th
                0x000013a4       0x66 D:\RUNTIME\libRuntime.a(LCD.o)
                0x000013a4                _ZN3LCDC2Eh10LCD_Type_th
                0x000013a4                _ZN3LCDC1Eh10LCD_Type_th
 .text._ZN3LCD10write_charEc
                0x0000140a       0x62 D:\RUNTIME\libRuntime.a(LCD.o)
                0x0000140a                _ZN3LCD10write_charEc
 .text._ZN3LCD15write_SRAM_textEPKch
                0x0000146c       0x44 D:\RUNTIME\libRuntime.a(LCD.o)
                0x0000146c                _ZN3LCD15write_SRAM_textEPKch
 .text._ZN3LCD16write_FLASH_textEPKch
                0x000014b0       0x48 D:\RUNTIME\libRuntime.a(LCD.o)
                0x000014b0                _ZN3LCD16write_FLASH_textEPKch
 .text._ZN3LCD5clearEv
                0x000014f8       0x2a D:\RUNTIME\libRuntime.a(LCD.o)
                0x000014f8                _ZN3LCD5clearEv
 .text._ZN3LCD4itoaEPcihc
                0x00001522       0xea D:\RUNTIME\libRuntime.a(LCD.o)
                0x00001522                _ZN3LCD4itoaEPcihc
 .text._ZN3LCD12write_numberEihc
                0x0000160c       0x1a D:\RUNTIME\libRuntime.a(LCD.o)
                0x0000160c                _ZN3LCD12write_numberEihc
 .text._Z5yieldv
                0x00001626       0x58 D:\RUNTIME\libRuntime.a(OSKernel.o)
                0x00001626                _Z5yieldv
 .text._Z11sem_waitingv
                0x0000167e       0x36 D:\RUNTIME\libRuntime.a(OSKernel.o)
                0x0000167e                _Z11sem_waitingv
 .text.__vector_23
                0x000016b4      0x202 D:\RUNTIME\libRuntime.a(OSKernel.o)
                0x000016b4                __vector_23
 .text._GLOBAL__sub_I__Z11task_insertPFvvE8Priority
                0x000018b6        0xc D:\RUNTIME\libRuntime.a(OSKernel.o)
 .text._ZN11QuadEncoder2onEh
                0x000018c2       0x14 D:\RUNTIME\libRuntime.a(QuadEncoder.o)
                0x000018c2                _ZN11QuadEncoder2onEh
 .text._ZN11QuadEncoder3offEh
                0x000018d6       0x12 D:\RUNTIME\libRuntime.a(QuadEncoder.o)
                0x000018d6                _ZN11QuadEncoder3offEh
 .text._ZN11QuadEncoder6toggleEh
                0x000018e8       0x12 D:\RUNTIME\libRuntime.a(QuadEncoder.o)
                0x000018e8                _ZN11QuadEncoder6toggleEh
 .text._ZN11QuadEncoder6notifyEv
                0x000018fa       0xf2 D:\RUNTIME\libRuntime.a(QuadEncoder.o)
                0x000018fa                _ZN11QuadEncoder6notifyEv
 .text._ZN11QuadEncoderC2Eh
                0x000019ec       0x62 D:\RUNTIME\libRuntime.a(QuadEncoder.o)
                0x000019ec                _ZN11QuadEncoderC1Eh
                0x000019ec                _ZN11QuadEncoderC2Eh
 .text._ZN11QuadEncoder5startEiii
                0x00001a4e       0xac D:\RUNTIME\libRuntime.a(QuadEncoder.o)
                0x00001a4e                _ZN11QuadEncoder5startEiii
 .text._ZN10ScrollMenu5clearEv
                0x00001afa       0x34 D:\RUNTIME\libRuntime.a(ScrollMenu.o)
                0x00001afa                _ZN10ScrollMenu5clearEv
 .text._ZN10ScrollMenu4showEh
                0x00001b2e       0xba D:\RUNTIME\libRuntime.a(ScrollMenu.o)
                0x00001b2e                _ZN10ScrollMenu4showEh
 .text._ZN10ScrollMenu4initEv
                0x00001be8       0x2e D:\RUNTIME\libRuntime.a(ScrollMenu.o)
                0x00001be8                _ZN10ScrollMenu4initEv
 .text._ZN10ScrollMenu6selectEv
                0x00001c16      0x104 D:\RUNTIME\libRuntime.a(ScrollMenu.o)
                0x00001c16                _ZN10ScrollMenu6selectEv
 .text._ZN6Timer88notify_AEv
                0x00001d1a       0x2c D:\RUNTIME\libRuntime.a(Timer.o)
                0x00001d1a                _ZN6Timer88notify_AEv
 .text._ZN6Timer88notify_BEv
                0x00001d46       0x2c D:\RUNTIME\libRuntime.a(Timer.o)
                0x00001d46                _ZN6Timer88notify_BEv
 .text._ZN6Timer88notify_CEv
                0x00001d72        0x2 D:\RUNTIME\libRuntime.a(Timer.o)
                0x00001d72                _ZN6Timer88notify_CEv
 .text._ZN6Timer88notify_OEv
                0x00001d74       0x24 D:\RUNTIME\libRuntime.a(Timer.o)
                0x00001d74                _ZN6Timer88notify_OEv
 .text._ZN7OSTimer5resetEv
                0x00001d98       0x4c D:\RUNTIME\libRuntime.a(Timer.o)
                0x00001d98                _ZN7OSTimer5resetEv
 .text._ZN7Timer168notify_AEv
                0x00001de4       0x2c D:\RUNTIME\libRuntime.a(Timer.o)
                0x00001de4                _ZN7Timer168notify_AEv
 .text._ZN7Timer168notify_BEv
                0x00001e10       0x2c D:\RUNTIME\libRuntime.a(Timer.o)
                0x00001e10                _ZN7Timer168notify_BEv
 .text._ZN7Timer168notify_CEv
                0x00001e3c       0x2c D:\RUNTIME\libRuntime.a(Timer.o)
                0x00001e3c                _ZN7Timer168notify_CEv
 .text._ZN7Timer168notify_OEv
                0x00001e68       0x24 D:\RUNTIME\libRuntime.a(Timer.o)
                0x00001e68                _ZN7Timer168notify_OEv
 .text.__cxa_pure_virtual
                0x00001e8c        0x2 D:\RUNTIME\libRuntime.a(Timer.o)
                0x00001e8c                __cxa_pure_virtual
 .text.__vector_21
                0x00001e8e       0x66 D:\RUNTIME\libRuntime.a(Timer.o)
                0x00001e8e                __vector_21
 .text.__vector_22
                0x00001ef4       0x66 D:\RUNTIME\libRuntime.a(Timer.o)
                0x00001ef4                __vector_22
 .text.__vector_13
                0x00001f5a       0x66 D:\RUNTIME\libRuntime.a(Timer.o)
                0x00001f5a                __vector_13
 .text.__vector_14
                0x00001fc0       0x66 D:\RUNTIME\libRuntime.a(Timer.o)
                0x00001fc0                __vector_14
 .text.__vector_17
                0x00002026       0x66 D:\RUNTIME\libRuntime.a(Timer.o)
                0x00002026                __vector_17
 .text.__vector_18
                0x0000208c       0x66 D:\RUNTIME\libRuntime.a(Timer.o)
                0x0000208c                __vector_18
 .text.__vector_19
                0x000020f2       0x66 D:\RUNTIME\libRuntime.a(Timer.o)
                0x000020f2                __vector_19
 .text.__vector_20
                0x00002158       0x66 D:\RUNTIME\libRuntime.a(Timer.o)
                0x00002158                __vector_20
 .text.__vector_32
                0x000021be       0x66 D:\RUNTIME\libRuntime.a(Timer.o)
                0x000021be                __vector_32
 .text.__vector_33
                0x00002224       0x66 D:\RUNTIME\libRuntime.a(Timer.o)
                0x00002224                __vector_33
 .text.__vector_34
                0x0000228a       0x66 D:\RUNTIME\libRuntime.a(Timer.o)
                0x0000228a                __vector_34
 .text.__vector_35
                0x000022f0       0x66 D:\RUNTIME\libRuntime.a(Timer.o)
                0x000022f0                __vector_35
 .text.__vector_42
                0x00002356       0x66 D:\RUNTIME\libRuntime.a(Timer.o)
                0x00002356                __vector_42
 .text.__vector_43
                0x000023bc       0x66 D:\RUNTIME\libRuntime.a(Timer.o)
                0x000023bc                __vector_43
 .text.__vector_44
                0x00002422       0x66 D:\RUNTIME\libRuntime.a(Timer.o)
                0x00002422                __vector_44
 .text.__vector_45
                0x00002488       0x66 D:\RUNTIME\libRuntime.a(Timer.o)
                0x00002488                __vector_45
 .text.__vector_47
                0x000024ee       0x66 D:\RUNTIME\libRuntime.a(Timer.o)
                0x000024ee                __vector_47
 .text.__vector_48
                0x00002554       0x66 D:\RUNTIME\libRuntime.a(Timer.o)
                0x00002554                __vector_48
 .text.__vector_49
                0x000025ba       0x66 D:\RUNTIME\libRuntime.a(Timer.o)
                0x000025ba                __vector_49
 .text.__vector_50
                0x00002620       0x66 D:\RUNTIME\libRuntime.a(Timer.o)
                0x00002620                __vector_50
 .text._ZN7Timer16C2EhPFvvES1_S1_S1_
                0x00002686      0x1ba D:\RUNTIME\libRuntime.a(Timer.o)
                0x00002686                _ZN7Timer16C2EhPFvvES1_S1_S1_
                0x00002686                _ZN7Timer16C1EhPFvvES1_S1_S1_
 .text._ZN7Timer168start_msEjjjjh
                0x00002840      0x164 D:\RUNTIME\libRuntime.a(Timer.o)
                0x00002840                _ZN7Timer168start_msEjjjjh
 .text._ZN7Timer168start_usEjjjjh
                0x000029a4      0x144 D:\RUNTIME\libRuntime.a(Timer.o)
                0x000029a4                _ZN7Timer168start_usEjjjjh
 .text._ZN6Timer8C2EhPFvvES1_S1_
                0x00002ae8       0xec D:\RUNTIME\libRuntime.a(Timer.o)
                0x00002ae8                _ZN6Timer8C1EhPFvvES1_S1_
                0x00002ae8                _ZN6Timer8C2EhPFvvES1_S1_
 .text._ZN7OSTimerC2Eh
                0x00002bd4       0x48 D:\RUNTIME\libRuntime.a(Timer.o)
                0x00002bd4                _ZN7OSTimerC2Eh
                0x00002bd4                _ZN7OSTimerC1Eh
 .text._ZN7OSTimer13force_timeoutEv
                0x00002c1c       0x58 D:\RUNTIME\libRuntime.a(Timer.o)
                0x00002c1c                _ZN7OSTimer13force_timeoutEv
 .text._ZN5Timer4stopEv
                0x00002c74       0x18 D:\RUNTIME\libRuntime.a(Timer.o)
                0x00002c74                _ZN5Timer4stopEv
 .text._ZN7Timer165resetEv
                0x00002c8c       0x7c D:\RUNTIME\libRuntime.a(Timer.o)
                0x00002c8c                _ZN7Timer165resetEv
 .text._ZN6Timer85resetEv
                0x00002d08       0x36 D:\RUNTIME\libRuntime.a(Timer.o)
                0x00002d08                _ZN6Timer85resetEv
 .text._ZN12DelayHandler6nowaitEjhPFvvE
                0x00002d3e      0x1a2 D:\RUNTIME\libRuntime.a(Timer.o)
                0x00002d3e                _ZN12DelayHandler6nowaitEjhPFvvE
 .text._ZN12DelayHandler10is_expiredEj
                0x00002ee0       0x42 D:\RUNTIME\libRuntime.a(Timer.o)
                0x00002ee0                _ZN12DelayHandler10is_expiredEj
 .text._ZN12DelayHandler6cancelEj
                0x00002f22       0x9a D:\RUNTIME\libRuntime.a(Timer.o)
                0x00002f22                _ZN12DelayHandler6cancelEj
 .text._ZN12DelayHandler5resetEj
                0x00002fbc       0x6c D:\RUNTIME\libRuntime.a(Timer.o)
                0x00002fbc                _ZN12DelayHandler5resetEj
 .text._Z22port_handle_to_addressh
                0x00003028       0x48 D:\RUNTIME\libRuntime.a(Basics.o)
                0x00003028                _Z22port_handle_to_addressh
 .text._Z20tc_handle_to_addressh
                0x00003070       0x4a D:\RUNTIME\libRuntime.a(Basics.o)
                0x00003070                _Z20tc_handle_to_addressh
 .text.libgcc.div
                0x000030ba       0x26 c:/program files (x86)/atmel/studio/7.0/toolchain/avr8/avr8-gnu-toolchain/bin/../lib/gcc/avr/5.4.0/avr6\libgcc.a(_divmodhi4.o)
                0x000030ba                _div
                0x000030ba                __divmodhi4
 .text.libgcc.div
                0x000030e0       0x28 c:/program files (x86)/atmel/studio/7.0/toolchain/avr8/avr8-gnu-toolchain/bin/../lib/gcc/avr/5.4.0/avr6\libgcc.a(_udivmodhi4.o)
                0x000030e0                __udivmodhi4
 .text.libgcc   0x00003108       0x10 c:/program files (x86)/atmel/studio/7.0/toolchain/avr8/avr8-gnu-toolchain/bin/../lib/gcc/avr/5.4.0/avr6\libgcc.a(_tablejump2.o)
                0x00003108                __tablejump2__
                0x00003118                . = ALIGN (0x2)
 *(.fini9)
 .fini9         0x00003118        0x0 c:/program files (x86)/atmel/studio/7.0/toolchain/avr8/avr8-gnu-toolchain/bin/../lib/gcc/avr/5.4.0/avr6\libgcc.a(_exit.o)
                0x00003118                _exit
                0x00003118                exit
 *(.fini9)
 *(.fini8)
 *(.fini8)
 *(.fini7)
 *(.fini7)
 *(.fini6)
 .fini6         0x00003118       0x1e c:/program files (x86)/atmel/studio/7.0/toolchain/avr8/avr8-gnu-toolchain/bin/../lib/gcc/avr/5.4.0/avr6\libgcc.a(_dtors.o)
                0x00003118                __do_global_dtors
 *(.fini6)
 *(.fini5)
 *(.fini5)
 *(.fini4)
 *(.fini4)
 *(.fini3)
 *(.fini3)
 *(.fini2)
 *(.fini2)
 *(.fini1)
 *(.fini1)
 *(.fini0)
 .fini0         0x00003136        0x4 c:/program files (x86)/atmel/studio/7.0/toolchain/avr8/avr8-gnu-toolchain/bin/../lib/gcc/avr/5.4.0/avr6\libgcc.a(_exit.o)
 *(.fini0)
                0x0000313a                _etext = .

.data           0x00800200      0x21e load address 0x0000313a
                0x00800200                PROVIDE (__data_start, .)
 *(.data)
 *(.data*)
 .data._ZL16sem_waiting_list
                0x00800200        0x8 D:\RUNTIME\libRuntime.a(OSKernel.o)
 .data._ZL14active_task_id
                0x00800208        0x1 D:\RUNTIME\libRuntime.a(OSKernel.o)
 .data._ZN11QuadEncoder15sub_state_tableE
                0x00800209       0x10 D:\RUNTIME\libRuntime.a(QuadEncoder.o)
                0x00800209                _ZN11QuadEncoder15sub_state_tableE
 .data._ZN12DelayHandler9delay_tabE
                0x00800219       0xa0 D:\RUNTIME\libRuntime.a(Timer.o)
                0x00800219                _ZN12DelayHandler9delay_tabE
 *(.gnu.linkonce.d*)
 *(.rodata)
 *(.rodata*)
 .rodata.str1.1
                0x008002b9       0x36 main.o
 .rodata.str1.1
                0x008002ef       0x65 Uhr.o
 .rodata._ZTV12DigiPortIRPT
                0x00800354       0x12 D:\RUNTIME\libRuntime.a(DigiPort.o)
                0x00800354                _ZTV12DigiPortIRPT
 .rodata._ZTV11DigiPortRaw
                0x00800366       0x10 D:\RUNTIME\libRuntime.a(DigiPort.o)
                0x00800366                _ZTV11DigiPortRaw
 .rodata.lcdTypes
                0x00800376       0x3c D:\RUNTIME\libRuntime.a(LCD.o)
                0x00800376                lcdTypes
 .rodata._ZTV11QuadEncoder
                0x008003b2       0x12 D:\RUNTIME\libRuntime.a(QuadEncoder.o)
                0x008003b2                _ZTV11QuadEncoder
 .rodata._ZTV5Timer
                0x008003c4        0xe D:\RUNTIME\libRuntime.a(Timer.o)
                0x008003c4                _ZTV5Timer
 .rodata._ZTV6Timer8
                0x008003d2        0xe D:\RUNTIME\libRuntime.a(Timer.o)
                0x008003d2                _ZTV6Timer8
 .rodata._ZTV7OSTimer
                0x008003e0        0xe D:\RUNTIME\libRuntime.a(Timer.o)
                0x008003e0                _ZTV7OSTimer
 .rodata._ZTV7Timer16
                0x008003ee        0xe D:\RUNTIME\libRuntime.a(Timer.o)
                0x008003ee                _ZTV7Timer16
 .rodata.tc_vect
                0x008003fc        0xc D:\RUNTIME\libRuntime.a(Basics.o)
                0x008003fc                tc_vect
 .rodata.port_vect
                0x00800408       0x16 D:\RUNTIME\libRuntime.a(Basics.o)
                0x00800408                port_vect
 *(.gnu.linkonce.r*)
                0x0080041e                . = ALIGN (0x2)
                0x0080041e                _edata = .
                0x0080041e                PROVIDE (__data_end, .)

.bss            0x0080041e     0x1a25
                0x0080041e                PROVIDE (__bss_start, .)
 *(.bss)
 *(.bss*)
 .bss.leds      0x0080041e        0x6 main.o
                0x0080041e                leds
 .bss.keys      0x00800424        0x6 main.o
                0x00800424                keys
 .bss.my_timer2
                0x0080042a       0x12 main.o
                0x0080042a                my_timer2
 .bss.my_timer1
                0x0080043c       0x12 main.o
                0x0080043c                my_timer1
 .bss.my_stopwatch
                0x0080044e        0xa main.o
                0x0080044e                my_stopwatch
 .bss.my_clock  0x00800458        0xa main.o
                0x00800458                my_clock
 .bss.men4      0x00800462        0xd Uhr.o
                0x00800462                men4
 .bss.men3      0x0080046f        0xd Uhr.o
                0x0080046f                men3
 .bss.men2      0x0080047c        0xd Uhr.o
                0x0080047c                men2
 .bss.men1      0x00800489        0xd Uhr.o
                0x00800489                men1
 .bss._ZL5quenc
                0x00800496       0x18 Uhr.o
 .bss.disp      0x008004ae        0xa Uhr.o
                0x008004ae                disp
 .bss.dp_obj    0x008004b8        0x6 D:\RUNTIME\libRuntime.a(DigiPort.o)
                0x008004b8                dp_obj
 .bss._ZZN3LCD4itoaEPcihcE3num
                0x008004be        0x7 D:\RUNTIME\libRuntime.a(LCD.o)
 .bss._ZL18sem_waiting_oldest
                0x008004c5        0x1 D:\RUNTIME\libRuntime.a(OSKernel.o)
 .bss._ZL17sem_waiting_count
                0x008004c6        0x1 D:\RUNTIME\libRuntime.a(OSKernel.o)
 .bss._ZL10sched_type
                0x008004c7        0x1 D:\RUNTIME\libRuntime.a(OSKernel.o)
 .bss._ZL8OS_timer
                0x008004c8       0x11 D:\RUNTIME\libRuntime.a(OSKernel.o)
 .bss._ZL7taskset
                0x008004d9     0x1958 D:\RUNTIME\libRuntime.a(OSKernel.o)
 .bss._ZN12DelayHandler8id_countE
                0x00801e31        0x2 D:\RUNTIME\libRuntime.a(Timer.o)
                0x00801e31                _ZN12DelayHandler8id_countE
 .bss._ZN12DelayHandler11entry_countE
                0x00801e33        0x1 D:\RUNTIME\libRuntime.a(Timer.o)
                0x00801e33                _ZN12DelayHandler11entry_countE
 .bss.timer_obj
                0x00801e34        0xc D:\RUNTIME\libRuntime.a(Timer.o)
                0x00801e34                timer_obj
 .bss._ZL8tc_usage
                0x00801e40        0x1 D:\RUNTIME\libRuntime.a(Basics.o)
 .bss._ZL10port_usage
                0x00801e41        0x2 D:\RUNTIME\libRuntime.a(Basics.o)
 *(COMMON)
                0x00801e43                PROVIDE (__bss_end, .)
                0x0000313a                __data_load_start = LOADADDR (.data)
                0x00003358                __data_load_end = (__data_load_start + SIZEOF (.data))

.noinit         0x00801e43        0x0
                [!provide]                PROVIDE (__noinit_start, .)
 *(.noinit*)
                [!provide]                PROVIDE (__noinit_end, .)
                0x00801e43                _end = .
                [!provide]                PROVIDE (__heap_start, .)

.eeprom         0x00810000        0x0
 *(.eeprom*)
                0x00810000                __eeprom_end = .

.fuse
 *(.fuse)
 *(.lfuse)
 *(.hfuse)
 *(.efuse)

.lock
 *(.lock*)

.signature
 *(.signature*)

.user_signatures
 *(.user_signatures*)

.stab
 *(.stab)

.stabstr
 *(.stabstr)

.stab.excl
 *(.stab.excl)

.stab.exclstr
 *(.stab.exclstr)

.stab.index
 *(.stab.index)

.stab.indexstr
 *(.stab.indexstr)

.comment        0x00000000       0x30
 *(.comment)
 .comment       0x00000000       0x30 main.o
                                 0x31 (size before relaxing)
 .comment       0x00000030       0x31 Uhr.o
 .comment       0x00000030       0x31 D:\RUNTIME\libRuntime.a(DigiPort.o)
 .comment       0x00000030       0x31 D:\RUNTIME\libRuntime.a(LCD.o)
 .comment       0x00000030       0x31 D:\RUNTIME\libRuntime.a(OSKernel.o)
 .comment       0x00000030       0x31 D:\RUNTIME\libRuntime.a(QuadEncoder.o)
 .comment       0x00000030       0x31 D:\RUNTIME\libRuntime.a(ScrollMenu.o)
 .comment       0x00000030       0x31 D:\RUNTIME\libRuntime.a(Timer.o)
 .comment       0x00000030       0x31 D:\RUNTIME\libRuntime.a(Basics.o)

.note.gnu.avr.deviceinfo
                0x00000000       0x40
 .note.gnu.avr.deviceinfo
                0x00000000       0x40 C:/Program Files (x86)/Atmel/Studio/7.0/Packs/atmel/ATmega_DFP/1.6.364/gcc/dev/atmega2560/avr6/crtatmega2560.o

.note.gnu.build-id
 *(.note.gnu.build-id)

.debug
 *(.debug)

.line
 *(.line)

.debug_srcinfo
 *(.debug_srcinfo)

.debug_sfnames
 *(.debug_sfnames)

.debug_aranges  0x00000000      0x530
 *(.debug_aranges)
 .debug_aranges
                0x00000000       0x50 main.o
 .debug_aranges
                0x00000050       0x60 Uhr.o
 .debug_aranges
                0x000000b0       0x88 D:\RUNTIME\libRuntime.a(DigiPort.o)
 .debug_aranges
                0x00000138       0xe0 D:\RUNTIME\libRuntime.a(LCD.o)
 .debug_aranges
                0x00000218       0x98 D:\RUNTIME\libRuntime.a(OSKernel.o)
 .debug_aranges
                0x000002b0       0x60 D:\RUNTIME\libRuntime.a(QuadEncoder.o)
 .debug_aranges
                0x00000310       0x40 D:\RUNTIME\libRuntime.a(ScrollMenu.o)
 .debug_aranges
                0x00000350      0x1b0 D:\RUNTIME\libRuntime.a(Timer.o)
 .debug_aranges
                0x00000500       0x30 D:\RUNTIME\libRuntime.a(Basics.o)

.debug_pubnames
 *(.debug_pubnames)

.debug_info     0x00000000     0xa3fb
 *(.debug_info .gnu.linkonce.wi.*)
 .debug_info    0x00000000      0xbbc C:/Program Files (x86)/Atmel/Studio/7.0/Packs/atmel/ATmega_DFP/1.6.364/gcc/dev/atmega2560/avr6/crtatmega2560.o
 .debug_info    0x00000bbc     0x12ba main.o
 .debug_info    0x00001e76     0x1998 Uhr.o
 .debug_info    0x0000380e      0xb7d D:\RUNTIME\libRuntime.a(DigiPort.o)
 .debug_info    0x0000438b     0x1c76 D:\RUNTIME\libRuntime.a(LCD.o)
 .debug_info    0x00006001      0xbdd D:\RUNTIME\libRuntime.a(OSKernel.o)
 .debug_info    0x00006bde      0xae7 D:\RUNTIME\libRuntime.a(QuadEncoder.o)
 .debug_info    0x000076c5      0xcfd D:\RUNTIME\libRuntime.a(ScrollMenu.o)
 .debug_info    0x000083c2     0x1e82 D:\RUNTIME\libRuntime.a(Timer.o)
 .debug_info    0x0000a244      0x1b7 D:\RUNTIME\libRuntime.a(Basics.o)

.debug_abbrev   0x00000000     0x2e67
 *(.debug_abbrev)
 .debug_abbrev  0x00000000      0xb1a C:/Program Files (x86)/Atmel/Studio/7.0/Packs/atmel/ATmega_DFP/1.6.364/gcc/dev/atmega2560/avr6/crtatmega2560.o
 .debug_abbrev  0x00000b1a      0x42a main.o
 .debug_abbrev  0x00000f44      0x3bd Uhr.o
 .debug_abbrev  0x00001301      0x429 D:\RUNTIME\libRuntime.a(DigiPort.o)
 .debug_abbrev  0x0000172a      0x4d4 D:\RUNTIME\libRuntime.a(LCD.o)
 .debug_abbrev  0x00001bfe      0x4e0 D:\RUNTIME\libRuntime.a(OSKernel.o)
 .debug_abbrev  0x000020de      0x3bb D:\RUNTIME\libRuntime.a(QuadEncoder.o)
 .debug_abbrev  0x00002499      0x38b D:\RUNTIME\libRuntime.a(ScrollMenu.o)
 .debug_abbrev  0x00002824      0x53f D:\RUNTIME\libRuntime.a(Timer.o)
 .debug_abbrev  0x00002d63      0x104 D:\RUNTIME\libRuntime.a(Basics.o)

.debug_line     0x00000000     0x4220
 *(.debug_line .debug_line.* .debug_line_end)
 .debug_line    0x00000000      0x1fa C:/Program Files (x86)/Atmel/Studio/7.0/Packs/atmel/ATmega_DFP/1.6.364/gcc/dev/atmega2560/avr6/crtatmega2560.o
 .debug_line    0x000001fa      0x59e main.o
 .debug_line    0x00000798      0x564 Uhr.o
 .debug_line    0x00000cfc      0x514 D:\RUNTIME\libRuntime.a(DigiPort.o)
 .debug_line    0x00001210      0xbbb D:\RUNTIME\libRuntime.a(LCD.o)
 .debug_line    0x00001dcb      0x7bd D:\RUNTIME\libRuntime.a(OSKernel.o)
 .debug_line    0x00002588      0x42a D:\RUNTIME\libRuntime.a(QuadEncoder.o)
 .debug_line    0x000029b2      0x41f D:\RUNTIME\libRuntime.a(ScrollMenu.o)
 .debug_line    0x00002dd1     0x12c9 D:\RUNTIME\libRuntime.a(Timer.o)
 .debug_line    0x0000409a      0x186 D:\RUNTIME\libRuntime.a(Basics.o)

.debug_frame    0x00000000     0x14f8
 *(.debug_frame)
 .debug_frame   0x00000000       0xac main.o
 .debug_frame   0x000000ac       0xe4 Uhr.o
 .debug_frame   0x00000190      0x234 D:\RUNTIME\libRuntime.a(DigiPort.o)
 .debug_frame   0x000003c4      0x374 D:\RUNTIME\libRuntime.a(LCD.o)
 .debug_frame   0x00000738      0x114 D:\RUNTIME\libRuntime.a(OSKernel.o)
 .debug_frame   0x0000084c       0xe0 D:\RUNTIME\libRuntime.a(QuadEncoder.o)
 .debug_frame   0x0000092c       0xc8 D:\RUNTIME\libRuntime.a(ScrollMenu.o)
 .debug_frame   0x000009f4      0xac0 D:\RUNTIME\libRuntime.a(Timer.o)
 .debug_frame   0x000014b4       0x44 D:\RUNTIME\libRuntime.a(Basics.o)

.debug_str      0x00000000     0x247c
 *(.debug_str)
 .debug_str     0x00000000      0x3e6 C:/Program Files (x86)/Atmel/Studio/7.0/Packs/atmel/ATmega_DFP/1.6.364/gcc/dev/atmega2560/avr6/crtatmega2560.o
 .debug_str     0x000003e6      0x963 main.o
                                0x9e4 (size before relaxing)
 .debug_str     0x00000d49      0x214 Uhr.o
                                0xaa0 (size before relaxing)
 .debug_str     0x00000f5d      0x532 D:\RUNTIME\libRuntime.a(DigiPort.o)
                                0x6be (size before relaxing)
 .debug_str     0x0000148f      0x22c D:\RUNTIME\libRuntime.a(LCD.o)
                                0x886 (size before relaxing)
 .debug_str     0x000016bb      0x3ee D:\RUNTIME\libRuntime.a(OSKernel.o)
                                0x78b (size before relaxing)
 .debug_str     0x00001aa9      0x218 D:\RUNTIME\libRuntime.a(QuadEncoder.o)
                                0x810 (size before relaxing)
 .debug_str     0x00001cc1       0xda D:\RUNTIME\libRuntime.a(ScrollMenu.o)
                                0x94e (size before relaxing)
 .debug_str     0x00001d9b      0x6b3 D:\RUNTIME\libRuntime.a(Timer.o)
                                0xc51 (size before relaxing)
 .debug_str     0x0000244e       0x2e D:\RUNTIME\libRuntime.a(Basics.o)
                                0x288 (size before relaxing)

.debug_loc      0x00000000     0x6796
 *(.debug_loc)
 .debug_loc     0x00000000      0x39d main.o
 .debug_loc     0x0000039d      0x4a1 Uhr.o
 .debug_loc     0x0000083e      0xa3c D:\RUNTIME\libRuntime.a(DigiPort.o)
 .debug_loc     0x0000127a     0x1a7a D:\RUNTIME\libRuntime.a(LCD.o)
 .debug_loc     0x00002cf4      0x453 D:\RUNTIME\libRuntime.a(OSKernel.o)
 .debug_loc     0x00003147      0x498 D:\RUNTIME\libRuntime.a(QuadEncoder.o)
 .debug_loc     0x000035df      0x531 D:\RUNTIME\libRuntime.a(ScrollMenu.o)
 .debug_loc     0x00003b10     0x2c18 D:\RUNTIME\libRuntime.a(Timer.o)
 .debug_loc     0x00006728       0x6e D:\RUNTIME\libRuntime.a(Basics.o)

.debug_macinfo
 *(.debug_macinfo)

.debug_weaknames
 *(.debug_weaknames)

.debug_funcnames
 *(.debug_funcnames)

.debug_typenames
 *(.debug_typenames)

.debug_varnames
 *(.debug_varnames)

.debug_pubtypes
 *(.debug_pubtypes)

.debug_ranges   0x00000000      0x590
 *(.debug_ranges)
 .debug_ranges  0x00000000       0x40 main.o
 .debug_ranges  0x00000040       0x50 Uhr.o
 .debug_ranges  0x00000090       0x78 D:\RUNTIME\libRuntime.a(DigiPort.o)
 .debug_ranges  0x00000108      0x100 D:\RUNTIME\libRuntime.a(LCD.o)
 .debug_ranges  0x00000208       0xb8 D:\RUNTIME\libRuntime.a(OSKernel.o)
 .debug_ranges  0x000002c0       0x50 D:\RUNTIME\libRuntime.a(QuadEncoder.o)
 .debug_ranges  0x00000310       0x60 D:\RUNTIME\libRuntime.a(ScrollMenu.o)
 .debug_ranges  0x00000370      0x200 D:\RUNTIME\libRuntime.a(Timer.o)
 .debug_ranges  0x00000570       0x20 D:\RUNTIME\libRuntime.a(Basics.o)

.debug_macro
 *(.debug_macro)
OUTPUT(GccApplication1.elf elf32-avr)
LOAD linker stubs
